MPLINK 5.08, LINKER
Linker Map File - Created Fri May 28 10:29:12 2021

                                 Section Info
                  Section       Type    Address   Location Size(Bytes)
                ---------  ---------  ---------  ---------  ---------
                   .org_0       code   0x000000    program   0x000004
                   .cinit    romdata   0x000004    program   0x000002
                   .org_1       code   0x000200    program   0x00007c
.config_300001_BUILD/DEFAULT/PRODUCTION/7_SEGME    romdata   0x300001    program   0x000001
.config_300003_BUILD/DEFAULT/PRODUCTION/7_SEGME    romdata   0x300003    program   0x000001



                              Program Memory Usage 
                               Start         End      
                           ---------   ---------      
                            0x000000    0x000005      
                            0x000200    0x00027b      
                            0x300001    0x300001      
                            0x300003    0x300003      
            132 out of 33048 program addresses used, program memory utilization is 0%



                              Symbols - Sorted by Name
                     Name    Address   Location    Storage File                     
                ---------  ---------  ---------  --------- ---------                
                    DELAY   0x000272    program     static F:\My course\Semester 4\Labs\Embedded Systems Lab\PIC\Lab 5\Lab 5 (Class Task)_7_SEGMENT_MULTIPLEXED.X\7_Segment_Multiplexed.asm
                  DIGIT_1   0x00023a    program     static F:\My course\Semester 4\Labs\Embedded Systems Lab\PIC\Lab 5\Lab 5 (Class Task)_7_SEGMENT_MULTIPLEXED.X\7_Segment_Multiplexed.asm
                  DIGIT_2   0x000248    program     static F:\My course\Semester 4\Labs\Embedded Systems Lab\PIC\Lab 5\Lab 5 (Class Task)_7_SEGMENT_MULTIPLEXED.X\7_Segment_Multiplexed.asm
                  DIGIT_3   0x000256    program     static F:\My course\Semester 4\Labs\Embedded Systems Lab\PIC\Lab 5\Lab 5 (Class Task)_7_SEGMENT_MULTIPLEXED.X\7_Segment_Multiplexed.asm
                  DIGIT_4   0x000264    program     static F:\My course\Semester 4\Labs\Embedded Systems Lab\PIC\Lab 5\Lab 5 (Class Task)_7_SEGMENT_MULTIPLEXED.X\7_Segment_Multiplexed.asm
                  DISPLAY   0x000226    program     static F:\My course\Semester 4\Labs\Embedded Systems Lab\PIC\Lab 5\Lab 5 (Class Task)_7_SEGMENT_MULTIPLEXED.X\7_Segment_Multiplexed.asm
             ENDLESS_LOOP   0x00021c    program     static F:\My course\Semester 4\Labs\Embedded Systems Lab\PIC\Lab 5\Lab 5 (Class Task)_7_SEGMENT_MULTIPLEXED.X\7_Segment_Multiplexed.asm
                       L1   0x000276    program     static F:\My course\Semester 4\Labs\Embedded Systems Lab\PIC\Lab 5\Lab 5 (Class Task)_7_SEGMENT_MULTIPLEXED.X\7_Segment_Multiplexed.asm
                     MAIN   0x000200    program     static F:\My course\Semester 4\Labs\Embedded Systems Lab\PIC\Lab 5\Lab 5 (Class Task)_7_SEGMENT_MULTIPLEXED.X\7_Segment_Multiplexed.asm



                              Symbols - Sorted by Address
                     Name    Address   Location    Storage File                     
                ---------  ---------  ---------  --------- ---------                
                     MAIN   0x000200    program     static F:\My course\Semester 4\Labs\Embedded Systems Lab\PIC\Lab 5\Lab 5 (Class Task)_7_SEGMENT_MULTIPLEXED.X\7_Segment_Multiplexed.asm
             ENDLESS_LOOP   0x00021c    program     static F:\My course\Semester 4\Labs\Embedded Systems Lab\PIC\Lab 5\Lab 5 (Class Task)_7_SEGMENT_MULTIPLEXED.X\7_Segment_Multiplexed.asm
                  DISPLAY   0x000226    program     static F:\My course\Semester 4\Labs\Embedded Systems Lab\PIC\Lab 5\Lab 5 (Class Task)_7_SEGMENT_MULTIPLEXED.X\7_Segment_Multiplexed.asm
                  DIGIT_1   0x00023a    program     static F:\My course\Semester 4\Labs\Embedded Systems Lab\PIC\Lab 5\Lab 5 (Class Task)_7_SEGMENT_MULTIPLEXED.X\7_Segment_Multiplexed.asm
                  DIGIT_2   0x000248    program     static F:\My course\Semester 4\Labs\Embedded Systems Lab\PIC\Lab 5\Lab 5 (Class Task)_7_SEGMENT_MULTIPLEXED.X\7_Segment_Multiplexed.asm
                  DIGIT_3   0x000256    program     static F:\My course\Semester 4\Labs\Embedded Systems Lab\PIC\Lab 5\Lab 5 (Class Task)_7_SEGMENT_MULTIPLEXED.X\7_Segment_Multiplexed.asm
                  DIGIT_4   0x000264    program     static F:\My course\Semester 4\Labs\Embedded Systems Lab\PIC\Lab 5\Lab 5 (Class Task)_7_SEGMENT_MULTIPLEXED.X\7_Segment_Multiplexed.asm
                    DELAY   0x000272    program     static F:\My course\Semester 4\Labs\Embedded Systems Lab\PIC\Lab 5\Lab 5 (Class Task)_7_SEGMENT_MULTIPLEXED.X\7_Segment_Multiplexed.asm
                       L1   0x000276    program     static F:\My course\Semester 4\Labs\Embedded Systems Lab\PIC\Lab 5\Lab 5 (Class Task)_7_SEGMENT_MULTIPLEXED.X\7_Segment_Multiplexed.asm


