Microchip MPLAB XC8 Compiler V2.32

Linker command line:

-W-3 --edf=C:\Program Files\Microchip\xc8\v2.32\pic\dat\en_msgs.txt -cn \
  -h+dist/default/production\Lab_5__Home_Task__7_SEGMENT_MULTIPLEXED_C.X.production.sym \
  --cmf=dist/default/production\Lab_5__Home_Task__7_SEGMENT_MULTIPLEXED_C.X.production.cmf \
  -z -Q18F452 -oC:\Users\HUSNAI~1\AppData\Local\Temp\xcAs9f8.4 \
  -Mdist/default/production/Lab_5__Home_Task__7_SEGMENT_MULTIPLEXED_C.X.production.map \
  -E1 -ver=XC8 Compiler -ASTACK=080h-05FFh -pstack=STACK \
  -ACODE=00h-03FFFhx2 -ACONST=00h-07FFFh -ASMALLCONST=0600h-06FFhx122 \
  -AMEDIUMCONST=0600h-07FFFh -ACOMRAM=01h-07Fh -AABS1=00h-05FFh \
  -ABIGRAM=01h-05FFh -ARAM=080h-0FFh,0100h-01FFhx5 -ABANK0=080h-0FFh \
  -ABANK1=0100h-01FFh -ABANK2=0200h-02FFh -ABANK3=0300h-03FFh \
  -ABANK4=0400h-04FFh -ABANK5=0500h-05FFh -ASFR=0F80h-0FFFh \
  -ACONFIG=0300000h-030000Dh -AIDLOC=0200000h-0200007h \
  -AEEDATA=0F00000h-0F000FFh -peeprom_data=EEDATA \
  -preset_vec=00h,intcode,intcodelo,powerup,init -pramtop=0600h \
  -psmallconst=SMALLCONST -pmediumconst=MEDIUMCONST -pconst=CONST \
  -AFARRAM=00h-00h \
  -prdata=COMRAM,nvrram=COMRAM,nvbit=COMRAM,rbss=COMRAM,rbit=COMRAM \
  -pfarbss=FARRAM,fardata=FARRAM,nvFARRAM=FARRAM \
  -pintsave_regs=BIGRAM,bigbss=BIGRAM,bigdata=BIGRAM -pbss=RAM \
  -pidata=CODE,irdata=CODE,ibigdata=CODE,ifardata=CODE -prparam=COMRAM \
  C:\Users\HUSNAI~1\AppData\Local\Temp\xcAs9f8.obj \
  dist/default/production\Lab_5__Home_Task__7_SEGMENT_MULTIPLEXED_C.X.production.obj 

Object code version is 3.11

Machine type is 18F452



                Name                               Link     Load   Length Selector   Space Scale
C:\Users\HUSNAI~1\AppData\Local\Temp\xcAs9f8.obj
                idloc                            200000   200000        8        0       5
                config                           300000   300000        E        0       4
                text                               3CB0     3CB0        2     1E58       0
                init                                  2        2        4        0       0
                reset_vec                             0        0        2        0       0
dist/default/production\Lab_5__Home_Task__7_SEGMENT_MULTIPLEXED_C.X.production.obj
                idloc                            200000   200000        8        0       5
                config                           300000   300000        E        0       4
                text6                              3CC8     3CC8       2E     1E64       0
                text5                              3CF6     3CF6       46     1E7B       0
                text4                              3EA0     3EA0       98     1F50       0
                text3                              3E1C     3E1C       84     1F0E       0
                text2                              3D3C     3D3C       6C     1E9E       0
                text1                              3F38     3F38       C8     1F9C       0
                text0                              3DA8     3DA8       74     1ED4       0
                cstackCOMRAM                          1        1        F        1       1
                bssCOMRAM                            10       10        C        1       1
                cinit                              3CB2     3CB2       16     1E59       0

TOTAL           Name                               Link     Load   Length     Space
        CLASS   STACK          

        CLASS   CODE           
                text                               3CB0     3CB0        2         0
                init                                  2        2        4         0
                reset_vec                             0        0        2         0
                text6                              3CC8     3CC8       2E         0
                text5                              3CF6     3CF6       46         0
                text4                              3EA0     3EA0       98         0
                text3                              3E1C     3E1C       84         0
                text2                              3D3C     3D3C       6C         0
                text1                              3F38     3F38       C8         0
                text0                              3DA8     3DA8       74         0
                cinit                              3CB2     3CB2       16         0

        CLASS   CONST          

        CLASS   SMALLCONST     

        CLASS   MEDIUMCONST    

        CLASS   COMRAM         
                cstackCOMRAM                          1        1        F         1
                bssCOMRAM                            10       10        C         1

        CLASS   ABS1           

        CLASS   BIGRAM         

        CLASS   RAM            

        CLASS   BANK0          

        CLASS   BANK1          

        CLASS   BANK2          

        CLASS   BANK3          

        CLASS   BANK4          

        CLASS   BANK5          

        CLASS   SFR            

        CLASS   CONFIG         
                config                           300000   300000        E         4

        CLASS   IDLOC          
                idloc                            200000   200000        8         5

        CLASS   EEDATA         

        CLASS   FARRAM         



SEGMENTS        Name                           Load    Length   Top    Selector   Space  Class

                reset_vec                      000000  000006  000006         0       0  CODE    
                cstackCOMRAM                   000001  00001B  00001C         1       1  COMRAM  
                text                           003CB0  000002  003CB2      1E58       0  CODE    
                cinit                          003CB2  000016  003CC8      1E59       0  CODE    
                text6                          003CC8  00002E  003CF6      1E64       0  CODE    
                text5                          003CF6  000046  003D3C      1E7B       0  CODE    
                text2                          003D3C  00006C  003DA8      1E9E       0  CODE    
                text0                          003DA8  000074  003E1C      1ED4       0  CODE    
                text3                          003E1C  000084  003EA0      1F0E       0  CODE    
                text4                          003EA0  000098  003F38      1F50       0  CODE    
                text1                          003F38  0000C8  004000      1F9C       0  CODE    


UNUSED ADDRESS RANGES

        Name                Unused          Largest block    Delta
        BANK0            000080-0000FF               80
        BANK1            000100-0001FF              100
        BANK2            000200-0002FF              100
        BANK3            000300-0003FF              100
        BANK4            000400-0004FF              100
        BANK5            000500-0005FF              100
        BIGRAM           00001C-0005FF              5E4
        CODE             000006-003CAF             3CAA
                         004000-007FFF             4000
        COMRAM           00001C-00007F               64
        CONST            000006-003CAF             3CAA
                         004000-007FFF             4000
        EEDATA           F00000-F000FF              100
        MEDIUMCONST      000600-003CAF             36B0
                         004000-007FFF             4000
        RAM              000080-0005FF              100
        SFR              000F80-000FFF               80
        SMALLCONST       000600-003CAF              100
                         004000-007FFF              100
        STACK            000080-0005FF              580

                                  Symbol Table

?___awdiv                                                                                         cstackCOMRAM 000001
?___awmod                                                                                         cstackCOMRAM 000001
?_sevenSeg                                                                                        cstackCOMRAM 000001
_PORTB                                                                                            (abs)        000F81
_PORTD                                                                                            (abs)        000F83
_PORTDbits                                                                                        (abs)        000F83
_TRISB                                                                                            (abs)        000F93
_TRISD                                                                                            (abs)        000F95
__HRAM                                                                                            (abs)        000000
__Habs1                                                                                           abs1         000000
__Hbank0                                                                                          bank0        000000
__Hbank1                                                                                          bank1        000000
__Hbank2                                                                                          bank2        000000
__Hbank3                                                                                          bank3        000000
__Hbank4                                                                                          bank4        000000
__Hbank5                                                                                          bank5        000000
__Hbigbss                                                                                         bigbss       000000
__Hbigdata                                                                                        bigdata      000000
__Hbigram                                                                                         bigram       000000
__Hbss                                                                                            bss          000000
__HbssCOMRAM                                                                                      bssCOMRAM    000000
__Hcinit                                                                                          cinit        000000
__Hclrtext                                                                                        clrtext      000000
__Hcomram                                                                                         comram       000000
__Hconfig                                                                                         config       30000E
__Hconst                                                                                          const        000000
__HcstackCOMRAM                                                                                   cstackCOMRAM 000000
__Hdata                                                                                           data         000000
__Heeprom_data                                                                                    eeprom_data  000000
__Hfarbss                                                                                         farbss       000000
__Hfardata                                                                                        fardata      000000
__Hibigdata                                                                                       ibigdata     000000
__Hidata                                                                                          idata        000000
__Hidloc                                                                                          idloc        200008
__Hifardata                                                                                       ifardata     000000
__Hinit                                                                                           init         000006
__Hintcode                                                                                        intcode      000002
__Hintcode_body                                                                                   intcode_body 000000
__Hintcodelo                                                                                      intcodelo    000002
__Hintentry                                                                                       intentry     000000
__Hintret                                                                                         intret       000000
__Hintsave_regs                                                                                   intsave_regs 000000
__Hirdata                                                                                         irdata       000000
__Hmediumconst                                                                                    mediumconst  000000
__HnvFARRAM                                                                                       nvFARRAM     000000
__Hnvbit                                                                                          nvbit        000000
__Hnvrram                                                                                         nvrram       000000
__Hparam                                                                                          rparam       000000
__Hpowerup                                                                                        powerup      000002
__Hram                                                                                            ram          000000
__Hramtop                                                                                         ramtop       000600
__Hrbit                                                                                           rbit         000000
__Hrbss                                                                                           rbss         000000
__Hrdata                                                                                          rdata        000000
__Hreset_vec                                                                                      reset_vec    000002
__Hrparam                                                                                         rparam       000000
__Hsfr                                                                                            sfr          000000
__Hsmallconst                                                                                     smallconst   000000
__Hspace_0                                                                                        (abs)        004000
__Hspace_1                                                                                        (abs)        00001C
__Hspace_2                                                                                        (abs)        000000
__Hspace_4                                                                                        (abs)        60000E
__Hstack                                                                                          stack        000000
__Hstruct                                                                                         struct       000000
__Htemp                                                                                           temp         000000
__Htext                                                                                           text         000000
__Htext0                                                                                          text0        000000
__Htext1                                                                                          text1        000000
__Htext2                                                                                          text2        000000
__Htext3                                                                                          text3        000000
__Htext4                                                                                          text4        000000
__Htext5                                                                                          text5        000000
__Htext6                                                                                          text6        000000
__LRAM                                                                                            (abs)        000001
__Labs1                                                                                           abs1         000000
__Lbank0                                                                                          bank0        000000
__Lbank1                                                                                          bank1        000000
__Lbank2                                                                                          bank2        000000
__Lbank3                                                                                          bank3        000000
__Lbank4                                                                                          bank4        000000
__Lbank5                                                                                          bank5        000000
__Lbigbss                                                                                         bigbss       000000
__Lbigdata                                                                                        bigdata      000000
__Lbigram                                                                                         bigram       000000
__Lbss                                                                                            bss          000000
__LbssCOMRAM                                                                                      bssCOMRAM    000000
__Lcinit                                                                                          cinit        000000
__Lclrtext                                                                                        clrtext      000000
__Lcomram                                                                                         comram       000000
__Lconfig                                                                                         config       000000
__Lconst                                                                                          const        000000
__LcstackCOMRAM                                                                                   cstackCOMRAM 000000
__Ldata                                                                                           data         000000
__Leeprom_data                                                                                    eeprom_data  000000
__Lfarbss                                                                                         farbss       000000
__Lfardata                                                                                        fardata      000000
__Libigdata                                                                                       ibigdata     000000
__Lidata                                                                                          idata        000000
__Lidloc                                                                                          idloc        000000
__Lifardata                                                                                       ifardata     000000
__Linit                                                                                           init         000002
__Lintcode                                                                                        intcode      000002
__Lintcode_body                                                                                   intcode_body 000000
__Lintcodelo                                                                                      intcodelo    000002
__Lintentry                                                                                       intentry     000000
__Lintret                                                                                         intret       000000
__Lintsave_regs                                                                                   intsave_regs 000000
__Lirdata                                                                                         irdata       000000
__Lmediumconst                                                                                    mediumconst  000000
__LnvFARRAM                                                                                       nvFARRAM     000000
__Lnvbit                                                                                          nvbit        000000
__Lnvrram                                                                                         nvrram       000000
__Lparam                                                                                          rparam       000000
__Lpowerup                                                                                        powerup      000002
__Lram                                                                                            ram          000000
__Lramtop                                                                                         ramtop       000600
__Lrbit                                                                                           rbit         000000
__Lrbss                                                                                           rbss         000000
__Lrdata                                                                                          rdata        000000
__Lreset_vec                                                                                      reset_vec    000000
__Lrparam                                                                                         rparam       000000
__Lsfr                                                                                            sfr          000000
__Lsmallconst                                                                                     smallconst   000000
__Lspace_0                                                                                        (abs)        000000
__Lspace_1                                                                                        (abs)        000000
__Lspace_2                                                                                        (abs)        000000
__Lspace_4                                                                                        (abs)        000000
__Lstack                                                                                          stack        000000
__Lstruct                                                                                         struct       000000
__Ltemp                                                                                           temp         000000
__Ltext                                                                                           text         000000
__Ltext0                                                                                          text0        000000
__Ltext1                                                                                          text1        000000
__Ltext2                                                                                          text2        000000
__Ltext3                                                                                          text3        000000
__Ltext4                                                                                          text4        000000
__Ltext5                                                                                          text5        000000
__Ltext6                                                                                          text6        000000
__S0                                                                                              (abs)        004000
__S1                                                                                              (abs)        00001C
__S2                                                                                              (abs)        000000
__S4                                                                                              (abs)        000000
__S5                                                                                              (abs)        000000
___awdiv                                                                                          text4        003EA0
___awdiv@counter                                                                                  cstackCOMRAM 000005
___awdiv@dividend                                                                                 cstackCOMRAM 000001
___awdiv@divisor                                                                                  cstackCOMRAM 000003
___awdiv@quotient                                                                                 cstackCOMRAM 000007
___awdiv@sign                                                                                     cstackCOMRAM 000006
___awmod                                                                                          text3        003E1C
___awmod@counter                                                                                  cstackCOMRAM 000005
___awmod@dividend                                                                                 cstackCOMRAM 000001
___awmod@divisor                                                                                  cstackCOMRAM 000003
___awmod@sign                                                                                     cstackCOMRAM 000006
___inthi_sp                                                                                       stack        000000
___intlo_sp                                                                                       stack        000000
___param_bank                                                                                     (abs)        000000
___rparam_used                                                                                    (abs)        000001
___sp                                                                                             stack        000000
__accesstop                                                                                       (abs)        000080
__activetblptr                                                                                    (abs)        000002
__cntErrataNOP_C:\Users\HUSNAI~1\AppData\Local\Temp\xcAs9f8.obj                                   (abs)        000001
__cntErrataNOP_dist/default/production\Lab_5__Home_Task__7_SEGMENT_MULTIPLEXED_C.X.production.obj (abs)        000020
__end_of___awdiv                                                                                  text4        003F38
__end_of___awmod                                                                                  text3        003EA0
__end_of__initialization                                                                          cinit        003CBE
__end_of_delay                                                                                    text6        003CF4
__end_of_display                                                                                  text5        003D3C
__end_of_main                                                                                     text0        003E1C
__end_of_num2dig                                                                                  text2        003DA8
__end_of_sevenSeg                                                                                 text1        004000
__initialization                                                                                  cinit        003CB2
__mediumconst                                                                                     mediumconst  000000
__pbssCOMRAM                                                                                      bssCOMRAM    000010
__pcinit                                                                                          cinit        003CB2
__pcstackCOMRAM                                                                                   cstackCOMRAM 000001
__ptext0                                                                                          text0        003DA8
__ptext1                                                                                          text1        003F38
__ptext2                                                                                          text2        003D3C
__ptext3                                                                                          text3        003E1C
__ptext4                                                                                          text4        003EA0
__ptext5                                                                                          text5        003CF6
__ptext6                                                                                          text6        003CC8
__ramtop                                                                                          ramtop       000600
__size_of___awdiv                                                                                 (abs)        000000
__size_of___awmod                                                                                 (abs)        000000
__size_of_delay                                                                                   (abs)        000000
__size_of_display                                                                                 (abs)        000000
__size_of_main                                                                                    (abs)        000000
__size_of_num2dig                                                                                 (abs)        000000
__size_of_sevenSeg                                                                                (abs)        000000
__smallconst                                                                                      smallconst   000000
_code                                                                                             bssCOMRAM    000010
_delay                                                                                            text6        003CC8
_dig                                                                                              bssCOMRAM    000016
_display                                                                                          text5        003CF6
_main                                                                                             text0        003DA8
_num2dig                                                                                          text2        003D3C
_sevenSeg                                                                                         text1        003F38
delay@j                                                                                           cstackCOMRAM 000001
display@count                                                                                     cstackCOMRAM 000003
end_of_initialization                                                                             cinit        003CBE
intlevel0                                                                                         text         003CB0
intlevel1                                                                                         text         003CB0
intlevel2                                                                                         text         003CB0
intlevel3                                                                                         text         003CB0
isa$std                                                                                           (abs)        000001
isa$xinst                                                                                         (abs)        000000
main@i                                                                                            cstackCOMRAM 00000E
main@mainCount                                                                                    cstackCOMRAM 00000D
num2dig@k                                                                                         cstackCOMRAM 00000B
num2dig@num                                                                                       cstackCOMRAM 000009
sevenSeg@num                                                                                      cstackCOMRAM 000001
stackhi                                                                                           (abs)        0005FF
stacklo                                                                                           (abs)        000080
start                                                                                             init         000002
start_initialization                                                                              cinit        003CB2


MODULE INFORMATION

Module		Function		Class		Link	Load	Size
7_Segment_Multiplexed.c
		_delay         		CODE           	3CC8	0000	44
		_display       		CODE           	3CF6	0000	70
		_sevenSeg      		CODE           	3F38	0000	200
		_main          		CODE           	3DA8	0000	116
		_num2dig       		CODE           	3D3C	0000	108

7_Segment_Multiplexed.c estimated size: 538

C:\Program Files\Microchip\xc8\v2.32\pic\sources\c90\common\awmod.c
		___awmod       		CODE           	3E1C	0000	132

C:\Program Files\Microchip\xc8\v2.32\pic\sources\c90\common\awmod.c estimated size: 132

shared
		__initialization		CODE           	3CB2	0000	12

shared estimated size: 12

C:\Program Files\Microchip\xc8\v2.32\pic\sources\c90\common\awdiv.c
		___awdiv       		CODE           	3EA0	0000	152

C:\Program Files\Microchip\xc8\v2.32\pic\sources\c90\common\awdiv.c estimated size: 152

