MPLINK 5.08, LINKER
Linker Map File - Created Fri May 28 07:46:28 2021

                                 Section Info
                  Section       Type    Address   Location Size(Bytes)
                ---------  ---------  ---------  ---------  ---------
                   .org_0       code   0x000000    program   0x000004
                   .cinit    romdata   0x000004    program   0x000002
                   .org_1       code   0x000200    program   0x000060
.config_300001_BUILD/DEFAULT/PRODUCTION/7_SEGME    romdata   0x300001    program   0x000001
.config_300003_BUILD/DEFAULT/PRODUCTION/7_SEGME    romdata   0x300003    program   0x000001



                              Program Memory Usage 
                               Start         End      
                           ---------   ---------      
                            0x000000    0x000005      
                            0x000200    0x00025f      
                            0x300001    0x300001      
                            0x300003    0x300003      
            104 out of 33048 program addresses used, program memory utilization is 0%



                              Symbols - Sorted by Name
                     Name    Address   Location    Storage File                     
                ---------  ---------  ---------  --------- ---------                
              BCD_SevnSeg   0x000226    program     static F:\My course\Semester 4\Labs\Embedded Systems Lab\PIC\Lab 4\Lab 4 (Class Task)_7_SEGMENT.X\7_Segment.asm
                    DELAY   0x000242    program     static F:\My course\Semester 4\Labs\Embedded Systems Lab\PIC\Lab 4\Lab 4 (Class Task)_7_SEGMENT.X\7_Segment.asm
             ENDLESS_LOOP   0x00020c    program     static F:\My course\Semester 4\Labs\Embedded Systems Lab\PIC\Lab 4\Lab 4 (Class Task)_7_SEGMENT.X\7_Segment.asm
                    LOP_1   0x000246    program     static F:\My course\Semester 4\Labs\Embedded Systems Lab\PIC\Lab 4\Lab 4 (Class Task)_7_SEGMENT.X\7_Segment.asm
                    LOP_2   0x00024a    program     static F:\My course\Semester 4\Labs\Embedded Systems Lab\PIC\Lab 4\Lab 4 (Class Task)_7_SEGMENT.X\7_Segment.asm
                    LOP_3   0x00024e    program     static F:\My course\Semester 4\Labs\Embedded Systems Lab\PIC\Lab 4\Lab 4 (Class Task)_7_SEGMENT.X\7_Segment.asm
                     MAIN   0x000200    program     static F:\My course\Semester 4\Labs\Embedded Systems Lab\PIC\Lab 4\Lab 4 (Class Task)_7_SEGMENT.X\7_Segment.asm



                              Symbols - Sorted by Address
                     Name    Address   Location    Storage File                     
                ---------  ---------  ---------  --------- ---------                
                     MAIN   0x000200    program     static F:\My course\Semester 4\Labs\Embedded Systems Lab\PIC\Lab 4\Lab 4 (Class Task)_7_SEGMENT.X\7_Segment.asm
             ENDLESS_LOOP   0x00020c    program     static F:\My course\Semester 4\Labs\Embedded Systems Lab\PIC\Lab 4\Lab 4 (Class Task)_7_SEGMENT.X\7_Segment.asm
              BCD_SevnSeg   0x000226    program     static F:\My course\Semester 4\Labs\Embedded Systems Lab\PIC\Lab 4\Lab 4 (Class Task)_7_SEGMENT.X\7_Segment.asm
                    DELAY   0x000242    program     static F:\My course\Semester 4\Labs\Embedded Systems Lab\PIC\Lab 4\Lab 4 (Class Task)_7_SEGMENT.X\7_Segment.asm
                    LOP_1   0x000246    program     static F:\My course\Semester 4\Labs\Embedded Systems Lab\PIC\Lab 4\Lab 4 (Class Task)_7_SEGMENT.X\7_Segment.asm
                    LOP_2   0x00024a    program     static F:\My course\Semester 4\Labs\Embedded Systems Lab\PIC\Lab 4\Lab 4 (Class Task)_7_SEGMENT.X\7_Segment.asm
                    LOP_3   0x00024e    program     static F:\My course\Semester 4\Labs\Embedded Systems Lab\PIC\Lab 4\Lab 4 (Class Task)_7_SEGMENT.X\7_Segment.asm


